../Drivers/CMSIS/Include/core_cm4.h:1933:34:__NVIC_SystemReset	4	static,ignoring_inline_asm
../LoRaWAN/App/lora_app.c:323:6:LoRaWAN_Init	24	static
../LoRaWAN/App/lora_app.c:388:6:HAL_GPIO_EXTI_Callback	24	static
../LoRaWAN/App/lora_app.c:426:13:TryJoin	8	static
../LoRaWAN/App/lora_app.c:442:13:OnJoinRetryTimerEvent	16	static
../LoRaWAN/App/lora_app.c:448:13:OnRxData	32	static
../LoRaWAN/App/lora_app.c:467:13:SendTxData	40	static
../LoRaWAN/App/lora_app.c:519:13:OnTxTimerEvent	16	static
../LoRaWAN/App/lora_app.c:537:13:OnTxData	24	static
../LoRaWAN/App/lora_app.c:555:13:OnJoinRequest	32	static
../LoRaWAN/App/lora_app.c:581:13:OnBeaconStatusChange	16	static
../LoRaWAN/App/lora_app.c:587:13:OnSysTimeUpdate	4	static
../LoRaWAN/App/lora_app.c:594:13:OnClassChange	16	static
../LoRaWAN/App/lora_app.c:600:13:OnMacProcessNotify	8	static
../LoRaWAN/App/lora_app.c:612:13:OnTxPeriodicityChanged	16	static
../LoRaWAN/App/lora_app.c:634:13:OnTxFrameCtrlChanged	16	static
../LoRaWAN/App/lora_app.c:645:13:OnPingSlotPeriodicityChanged	16	static
../LoRaWAN/App/lora_app.c:656:13:OnSystemReset	8	static
../LoRaWAN/App/lora_app.c:670:13:StopJoin	8	static
../LoRaWAN/App/lora_app.c:706:13:StoreContext	16	static
../LoRaWAN/App/lora_app.c:728:13:OnNvmDataChange	16	static
../LoRaWAN/App/lora_app.c:746:13:OnStoreContextRequest	16	static
../LoRaWAN/App/lora_app.c:761:13:OnRestoreContextRequest	16	static
