../Drivers/CMSIS/Include/core_cm4.h:1933:34:__NVIC_SystemReset	4	static,ignoring_inline_asm
../LoRaWAN/App/lora_app.c:447:20:WriteU32BE	16	static
../LoRaWAN/App/lora_app.c:464:13:PersistFailedRfidSend	40	static
../LoRaWAN/App/lora_app.c:515:13:OnTimerFiresSetTask	24	static
../LoRaWAN/App/lora_app.c:527:6:LoRaWAN_Init	24	static
../LoRaWAN/App/lora_app.c:620:6:HAL_GPIO_EXTI_Callback	24	static
../LoRaWAN/App/lora_app.c:658:13:StatusMsgPreventStopMode	8	static
../LoRaWAN/App/lora_app.c:670:14:StatusMsgAllowStopMode	8	static
../LoRaWAN/App/lora_app.c:681:13:OnStatusMessageHandler	40	static
../LoRaWAN/App/lora_app.c:764:13:SendIndPingHandler	24	static
../LoRaWAN/App/lora_app.c:806:13:BuzzerLedAllOff	8	static
../LoRaWAN/App/lora_app.c:826:13:BuzzerLedSafetyStopHandler	8	static
../LoRaWAN/App/lora_app.c:837:13:BuzzerLedToggleHandler	8	static
../LoRaWAN/App/lora_app.c:857:13:LoraCommand_HandleDownlink	48	static
../LoRaWAN/App/lora_app.c:928:13:RfidPreventStopMode	8	static
../LoRaWAN/App/lora_app.c:940:13:RfidAllowStopMode	8	static
../LoRaWAN/App/lora_app.c:951:13:OnRfidReadTimeoutEvent	16	static
../LoRaWAN/App/lora_app.c:956:13:RfidAckTimeoutHandler	8	static
../LoRaWAN/App/lora_app.c:966:13:BufferAckTimeoutHandler	8	static
../LoRaWAN/App/lora_app.c:975:13:SendBufferedRfidLogHandler	88	static
../LoRaWAN/App/lora_app.c:1075:13:SendRFID_Data	40	static
../LoRaWAN/App/lora_app.c:1195:13:ResendRfidData	32	static
../LoRaWAN/App/lora_app.c:1243:13:ReadRFIDCard	88	static
../LoRaWAN/App/lora_app.c:1317:13:TryJoin	8	static
../LoRaWAN/App/lora_app.c:1342:13:JoinTimeoutHandler	8	static
../LoRaWAN/App/lora_app.c:1357:13:OnRxData	40	static
../LoRaWAN/App/lora_app.c:1392:13:SendTxData	32	static
../LoRaWAN/App/lora_app.c:1445:13:OnTxTimerEvent	16	static
../LoRaWAN/App/lora_app.c:1463:13:OnTxData	40	static
../LoRaWAN/App/lora_app.c:1600:13:OnJoinRequest	32	static
../LoRaWAN/App/lora_app.c:1633:13:OnBeaconStatusChange	16	static
../LoRaWAN/App/lora_app.c:1639:13:OnSysTimeUpdate	4	static
../LoRaWAN/App/lora_app.c:1646:13:OnClassChange	16	static
../LoRaWAN/App/lora_app.c:1652:13:OnMacProcessNotify	8	static
../LoRaWAN/App/lora_app.c:1664:13:OnTxPeriodicityChanged	16	static
../LoRaWAN/App/lora_app.c:1686:13:OnTxFrameCtrlChanged	16	static
../LoRaWAN/App/lora_app.c:1697:13:OnPingSlotPeriodicityChanged	16	static
../LoRaWAN/App/lora_app.c:1708:13:OnSystemReset	8	static
../LoRaWAN/App/lora_app.c:1724:13:StoreContext	16	static
../LoRaWAN/App/lora_app.c:1746:13:OnNvmDataChange	16	static
../LoRaWAN/App/lora_app.c:1764:13:OnStoreContextRequest	16	static
../LoRaWAN/App/lora_app.c:1779:13:OnRestoreContextRequest	16	static
