../Drivers/CMSIS/Include/core_cm4.h:1933:34:__NVIC_SystemReset	4	static,ignoring_inline_asm
../LoRaWAN/App/lora_app.c:361:6:LoRaWAN_Init	24	static
../LoRaWAN/App/lora_app.c:434:6:HAL_GPIO_EXTI_Callback	24	static
../LoRaWAN/App/lora_app.c:472:13:StatusMsgPreventStopMode	8	static
../LoRaWAN/App/lora_app.c:484:14:StatusMsgAllowStopMode	8	static
../LoRaWAN/App/lora_app.c:495:13:OnStatusMessageHandler	32	static
../LoRaWAN/App/lora_app.c:550:13:OnStatusMsgTimeoutEvent	16	static
../LoRaWAN/App/lora_app.c:555:13:RfidPreventStopMode	8	static
../LoRaWAN/App/lora_app.c:567:13:RfidAllowStopMode	8	static
../LoRaWAN/App/lora_app.c:578:13:OnRfidReadTimeoutEvent	16	static
../LoRaWAN/App/lora_app.c:583:13:OnRfidAckTimeoutEvent	16	static
../LoRaWAN/App/lora_app.c:587:13:RfidAckTimeoutHandler	24	static
../LoRaWAN/App/lora_app.c:602:13:SendRFID_Data	56	static
../LoRaWAN/App/lora_app.c:715:13:ReadRFIDCard	88	static
../LoRaWAN/App/lora_app.c:779:13:TryJoin	8	static
../LoRaWAN/App/lora_app.c:795:13:OnJoinRetryTimerEvent	16	static
../LoRaWAN/App/lora_app.c:801:13:OnRxData	32	static
../LoRaWAN/App/lora_app.c:819:13:SendTxData	32	static
../LoRaWAN/App/lora_app.c:872:13:OnTxTimerEvent	16	static
../LoRaWAN/App/lora_app.c:890:13:OnTxData	48	static
../LoRaWAN/App/lora_app.c:941:13:OnJoinRequest	32	static
../LoRaWAN/App/lora_app.c:967:13:OnBeaconStatusChange	16	static
../LoRaWAN/App/lora_app.c:973:13:OnSysTimeUpdate	4	static
../LoRaWAN/App/lora_app.c:980:13:OnClassChange	16	static
../LoRaWAN/App/lora_app.c:986:13:OnMacProcessNotify	8	static
../LoRaWAN/App/lora_app.c:998:13:OnTxPeriodicityChanged	16	static
../LoRaWAN/App/lora_app.c:1020:13:OnTxFrameCtrlChanged	16	static
../LoRaWAN/App/lora_app.c:1031:13:OnPingSlotPeriodicityChanged	16	static
../LoRaWAN/App/lora_app.c:1042:13:OnSystemReset	8	static
../LoRaWAN/App/lora_app.c:1056:13:StopJoin	8	static
../LoRaWAN/App/lora_app.c:1092:13:StoreContext	16	static
../LoRaWAN/App/lora_app.c:1114:13:OnNvmDataChange	16	static
../LoRaWAN/App/lora_app.c:1132:13:OnStoreContextRequest	16	static
../LoRaWAN/App/lora_app.c:1147:13:OnRestoreContextRequest	16	static
