../Drivers/CMSIS/Include/core_cm4.h:1933:34:__NVIC_SystemReset	4	static,ignoring_inline_asm
../LoRaWAN/App/lora_app.c:490:20:WriteU32BE	16	static
../LoRaWAN/App/lora_app.c:507:13:PersistFailedRfidSend	40	static
../LoRaWAN/App/lora_app.c:559:13:OnTimerFiresSetTask	24	static
../LoRaWAN/App/lora_app.c:571:6:LoRaWAN_Init	24	static
../LoRaWAN/App/lora_app.c:669:6:HAL_GPIO_EXTI_Callback	24	static
../LoRaWAN/App/lora_app.c:707:13:StatusMsgPreventStopMode	8	static
../LoRaWAN/App/lora_app.c:719:14:StatusMsgAllowStopMode	8	static
../LoRaWAN/App/lora_app.c:730:13:OnStatusMessageHandler	40	static
../LoRaWAN/App/lora_app.c:813:13:SendIndPingHandler	24	static
../LoRaWAN/App/lora_app.c:855:13:BuzzerLedAllOff	8	static
../LoRaWAN/App/lora_app.c:875:13:BuzzerLedSafetyStopHandler	8	static
../LoRaWAN/App/lora_app.c:886:13:BuzzerLedToggleHandler	8	static
../LoRaWAN/App/lora_app.c:906:13:LoraCommand_HandleDownlink	64	static
../LoRaWAN/App/lora_app.c:1083:17:GetMaxAppPayloadForCurrentDR	16	static
../LoRaWAN/App/lora_app.c:1107:13:SendQueryBatchHandler	64	static
../LoRaWAN/App/lora_app.c:1195:17:StatusIntervalMultiplierToMs	16	static
../LoRaWAN/App/lora_app.c:1207:17:LoadPersistedStatusIntervalMultiplier	16	static
../LoRaWAN/App/lora_app.c:1218:13:RfidPreventStopMode	8	static
../LoRaWAN/App/lora_app.c:1230:13:RfidAllowStopMode	8	static
../LoRaWAN/App/lora_app.c:1241:13:OnRfidReadTimeoutEvent	16	static
../LoRaWAN/App/lora_app.c:1246:13:RfidAckTimeoutHandler	8	static
../LoRaWAN/App/lora_app.c:1256:13:BufferAckTimeoutHandler	8	static
../LoRaWAN/App/lora_app.c:1265:13:SendBufferedRfidLogHandler	88	static
../LoRaWAN/App/lora_app.c:1365:13:SendRFID_Data	40	static
../LoRaWAN/App/lora_app.c:1485:13:ResendRfidData	32	static
../LoRaWAN/App/lora_app.c:1533:13:ReadRFIDCard	88	static
../LoRaWAN/App/lora_app.c:1607:13:TryJoin	8	static
../LoRaWAN/App/lora_app.c:1632:13:JoinTimeoutHandler	8	static
../LoRaWAN/App/lora_app.c:1647:13:OnRxData	40	static
../LoRaWAN/App/lora_app.c:1682:13:SendTxData	32	static
../LoRaWAN/App/lora_app.c:1735:13:OnTxTimerEvent	16	static
../LoRaWAN/App/lora_app.c:1753:13:OnTxData	40	static
../LoRaWAN/App/lora_app.c:1890:13:OnJoinRequest	32	static
../LoRaWAN/App/lora_app.c:1923:13:OnBeaconStatusChange	16	static
../LoRaWAN/App/lora_app.c:1929:13:OnSysTimeUpdate	4	static
../LoRaWAN/App/lora_app.c:1936:13:OnClassChange	16	static
../LoRaWAN/App/lora_app.c:1942:13:OnMacProcessNotify	8	static
../LoRaWAN/App/lora_app.c:1954:13:OnTxPeriodicityChanged	16	static
../LoRaWAN/App/lora_app.c:1976:13:OnTxFrameCtrlChanged	16	static
../LoRaWAN/App/lora_app.c:1987:13:OnPingSlotPeriodicityChanged	16	static
../LoRaWAN/App/lora_app.c:1998:13:OnSystemReset	8	static
../LoRaWAN/App/lora_app.c:2014:13:StoreContext	16	static
../LoRaWAN/App/lora_app.c:2036:13:OnNvmDataChange	16	static
../LoRaWAN/App/lora_app.c:2054:13:OnStoreContextRequest	16	static
../LoRaWAN/App/lora_app.c:2069:13:OnRestoreContextRequest	16	static
