../Drivers/CMSIS/Include/core_cm4.h:1933:34:__NVIC_SystemReset	4	static,ignoring_inline_asm
../LoRaWAN/App/lora_app.c:312:6:LoRaWAN_Init	16	static
../LoRaWAN/App/lora_app.c:363:6:HAL_GPIO_EXTI_Callback	16	static
../LoRaWAN/App/lora_app.c:384:13:OnRxData	32	static
../LoRaWAN/App/lora_app.c:403:13:SendTxData	40	static
../LoRaWAN/App/lora_app.c:448:13:OnTxTimerEvent	16	static
../LoRaWAN/App/lora_app.c:466:13:OnTxData	16	static
../LoRaWAN/App/lora_app.c:472:13:OnJoinRequest	24	static
../LoRaWAN/App/lora_app.c:491:13:OnBeaconStatusChange	16	static
../LoRaWAN/App/lora_app.c:497:13:OnSysTimeUpdate	4	static
../LoRaWAN/App/lora_app.c:504:13:OnClassChange	16	static
../LoRaWAN/App/lora_app.c:510:13:OnMacProcessNotify	8	static
../LoRaWAN/App/lora_app.c:522:13:OnTxPeriodicityChanged	16	static
../LoRaWAN/App/lora_app.c:544:13:OnTxFrameCtrlChanged	16	static
../LoRaWAN/App/lora_app.c:555:13:OnPingSlotPeriodicityChanged	16	static
../LoRaWAN/App/lora_app.c:566:13:OnSystemReset	8	static
../LoRaWAN/App/lora_app.c:580:13:StopJoin	8	static
../LoRaWAN/App/lora_app.c:615:13:OnStopJoinTimerEvent	16	static
../LoRaWAN/App/lora_app.c:629:13:StoreContext	16	static
../LoRaWAN/App/lora_app.c:651:13:OnNvmDataChange	16	static
../LoRaWAN/App/lora_app.c:669:13:OnStoreContextRequest	16	static
../LoRaWAN/App/lora_app.c:684:13:OnRestoreContextRequest	16	static
