../Drivers/CMSIS/Include/core_cm4.h:1933:34:__NVIC_SystemReset	4	static,ignoring_inline_asm
../LoRaWAN/App/lora_app.c:422:20:WriteU32BE	16	static
../LoRaWAN/App/lora_app.c:439:13:PersistFailedRfidSend	40	static
../LoRaWAN/App/lora_app.c:487:13:OnTimerFiresSetTask	24	static
../LoRaWAN/App/lora_app.c:499:6:LoRaWAN_Init	24	static
../LoRaWAN/App/lora_app.c:582:6:HAL_GPIO_EXTI_Callback	24	static
../LoRaWAN/App/lora_app.c:620:13:StatusMsgPreventStopMode	8	static
../LoRaWAN/App/lora_app.c:632:14:StatusMsgAllowStopMode	8	static
../LoRaWAN/App/lora_app.c:643:13:OnStatusMessageHandler	40	static
../LoRaWAN/App/lora_app.c:718:13:RfidPreventStopMode	8	static
../LoRaWAN/App/lora_app.c:730:13:RfidAllowStopMode	8	static
../LoRaWAN/App/lora_app.c:741:13:OnRfidReadTimeoutEvent	16	static
../LoRaWAN/App/lora_app.c:746:13:RfidAckTimeoutHandler	8	static
../LoRaWAN/App/lora_app.c:756:13:BufferAckTimeoutHandler	8	static
../LoRaWAN/App/lora_app.c:765:13:SendBufferedRfidLogHandler	88	static
../LoRaWAN/App/lora_app.c:865:13:SendRFID_Data	40	static
../LoRaWAN/App/lora_app.c:981:13:ResendRfidData	32	static
../LoRaWAN/App/lora_app.c:1029:13:ReadRFIDCard	88	static
../LoRaWAN/App/lora_app.c:1103:13:TryJoin	8	static
../LoRaWAN/App/lora_app.c:1128:13:JoinTimeoutHandler	8	static
../LoRaWAN/App/lora_app.c:1143:13:OnRxData	40	static
../LoRaWAN/App/lora_app.c:1172:13:SendTxData	32	static
../LoRaWAN/App/lora_app.c:1225:13:OnTxTimerEvent	16	static
../LoRaWAN/App/lora_app.c:1243:13:OnTxData	40	static
../LoRaWAN/App/lora_app.c:1378:13:OnJoinRequest	32	static
../LoRaWAN/App/lora_app.c:1411:13:OnBeaconStatusChange	16	static
../LoRaWAN/App/lora_app.c:1417:13:OnSysTimeUpdate	4	static
../LoRaWAN/App/lora_app.c:1424:13:OnClassChange	16	static
../LoRaWAN/App/lora_app.c:1430:13:OnMacProcessNotify	8	static
../LoRaWAN/App/lora_app.c:1442:13:OnTxPeriodicityChanged	16	static
../LoRaWAN/App/lora_app.c:1464:13:OnTxFrameCtrlChanged	16	static
../LoRaWAN/App/lora_app.c:1475:13:OnPingSlotPeriodicityChanged	16	static
../LoRaWAN/App/lora_app.c:1486:13:OnSystemReset	8	static
../LoRaWAN/App/lora_app.c:1502:13:StoreContext	16	static
../LoRaWAN/App/lora_app.c:1524:13:OnNvmDataChange	16	static
../LoRaWAN/App/lora_app.c:1542:13:OnStoreContextRequest	16	static
../LoRaWAN/App/lora_app.c:1557:13:OnRestoreContextRequest	16	static
