../Drivers/CMSIS/Include/core_cm4.h:1933:34:__NVIC_SystemReset	4	static,ignoring_inline_asm
../LoRaWAN/App/lora_app.c:375:6:LoRaWAN_Init	24	static
../LoRaWAN/App/lora_app.c:452:6:HAL_GPIO_EXTI_Callback	24	static
../LoRaWAN/App/lora_app.c:490:13:StatusMsgPreventStopMode	8	static
../LoRaWAN/App/lora_app.c:502:14:StatusMsgAllowStopMode	8	static
../LoRaWAN/App/lora_app.c:513:13:OnStatusMessageHandler	32	static
../LoRaWAN/App/lora_app.c:574:13:OnStatusMsgTimeoutEvent	16	static
../LoRaWAN/App/lora_app.c:579:13:RfidPreventStopMode	8	static
../LoRaWAN/App/lora_app.c:591:13:RfidAllowStopMode	8	static
../LoRaWAN/App/lora_app.c:602:13:OnRfidReadTimeoutEvent	16	static
../LoRaWAN/App/lora_app.c:607:13:OnRfidAckTimeoutEvent	16	static
../LoRaWAN/App/lora_app.c:611:13:RfidAckTimeoutHandler	24	static
../LoRaWAN/App/lora_app.c:627:13:OnBufferAckTimeoutEvent	16	static
../LoRaWAN/App/lora_app.c:631:13:BufferAckTimeoutHandler	8	static
../LoRaWAN/App/lora_app.c:640:13:SendBufferedRfidLogHandler	88	static
../LoRaWAN/App/lora_app.c:738:13:SendRFID_Data	56	static
../LoRaWAN/App/lora_app.c:857:13:ReadRFIDCard	88	static
../LoRaWAN/App/lora_app.c:921:13:TryJoin	8	static
../LoRaWAN/App/lora_app.c:937:13:OnJoinRetryTimerEvent	16	static
../LoRaWAN/App/lora_app.c:943:13:OnRxData	32	static
../LoRaWAN/App/lora_app.c:961:13:SendTxData	32	static
../LoRaWAN/App/lora_app.c:1014:13:OnTxTimerEvent	16	static
../LoRaWAN/App/lora_app.c:1032:13:OnTxData	48	static
../LoRaWAN/App/lora_app.c:1142:13:OnJoinRequest	32	static
../LoRaWAN/App/lora_app.c:1168:13:OnBeaconStatusChange	16	static
../LoRaWAN/App/lora_app.c:1174:13:OnSysTimeUpdate	4	static
../LoRaWAN/App/lora_app.c:1181:13:OnClassChange	16	static
../LoRaWAN/App/lora_app.c:1187:13:OnMacProcessNotify	8	static
../LoRaWAN/App/lora_app.c:1199:13:OnTxPeriodicityChanged	16	static
../LoRaWAN/App/lora_app.c:1221:13:OnTxFrameCtrlChanged	16	static
../LoRaWAN/App/lora_app.c:1232:13:OnPingSlotPeriodicityChanged	16	static
../LoRaWAN/App/lora_app.c:1243:13:OnSystemReset	8	static
../LoRaWAN/App/lora_app.c:1259:13:StoreContext	16	static
../LoRaWAN/App/lora_app.c:1281:13:OnNvmDataChange	16	static
../LoRaWAN/App/lora_app.c:1299:13:OnStoreContextRequest	16	static
../LoRaWAN/App/lora_app.c:1314:13:OnRestoreContextRequest	16	static
