../Drivers/CMSIS/Include/core_cm4.h:1933:34:__NVIC_SystemReset	4	static,ignoring_inline_asm
../LoRaWAN/App/lora_app.c:422:20:WriteU32BE	16	static
../LoRaWAN/App/lora_app.c:439:13:PersistFailedRfidSend	40	static
../LoRaWAN/App/lora_app.c:487:13:OnTimerFiresSetTask	24	static
../LoRaWAN/App/lora_app.c:499:6:LoRaWAN_Init	24	static
../LoRaWAN/App/lora_app.c:582:6:HAL_GPIO_EXTI_Callback	24	static
../LoRaWAN/App/lora_app.c:620:13:StatusMsgPreventStopMode	8	static
../LoRaWAN/App/lora_app.c:632:14:StatusMsgAllowStopMode	8	static
../LoRaWAN/App/lora_app.c:643:13:OnStatusMessageHandler	40	static
../LoRaWAN/App/lora_app.c:718:13:RfidPreventStopMode	8	static
../LoRaWAN/App/lora_app.c:730:13:RfidAllowStopMode	8	static
../LoRaWAN/App/lora_app.c:741:13:OnRfidReadTimeoutEvent	16	static
../LoRaWAN/App/lora_app.c:746:13:RfidAckTimeoutHandler	8	static
../LoRaWAN/App/lora_app.c:756:13:BufferAckTimeoutHandler	8	static
../LoRaWAN/App/lora_app.c:765:13:SendBufferedRfidLogHandler	88	static
../LoRaWAN/App/lora_app.c:865:13:SendRFID_Data	40	static
../LoRaWAN/App/lora_app.c:976:13:ResendRfidData	32	static
../LoRaWAN/App/lora_app.c:1024:13:ReadRFIDCard	88	static
../LoRaWAN/App/lora_app.c:1098:13:TryJoin	8	static
../LoRaWAN/App/lora_app.c:1123:13:JoinTimeoutHandler	8	static
../LoRaWAN/App/lora_app.c:1138:13:OnRxData	40	static
../LoRaWAN/App/lora_app.c:1167:13:SendTxData	32	static
../LoRaWAN/App/lora_app.c:1220:13:OnTxTimerEvent	16	static
../LoRaWAN/App/lora_app.c:1238:13:OnTxData	40	static
../LoRaWAN/App/lora_app.c:1373:13:OnJoinRequest	32	static
../LoRaWAN/App/lora_app.c:1406:13:OnBeaconStatusChange	16	static
../LoRaWAN/App/lora_app.c:1412:13:OnSysTimeUpdate	4	static
../LoRaWAN/App/lora_app.c:1419:13:OnClassChange	16	static
../LoRaWAN/App/lora_app.c:1425:13:OnMacProcessNotify	8	static
../LoRaWAN/App/lora_app.c:1437:13:OnTxPeriodicityChanged	16	static
../LoRaWAN/App/lora_app.c:1459:13:OnTxFrameCtrlChanged	16	static
../LoRaWAN/App/lora_app.c:1470:13:OnPingSlotPeriodicityChanged	16	static
../LoRaWAN/App/lora_app.c:1481:13:OnSystemReset	8	static
../LoRaWAN/App/lora_app.c:1497:13:StoreContext	16	static
../LoRaWAN/App/lora_app.c:1519:13:OnNvmDataChange	16	static
../LoRaWAN/App/lora_app.c:1537:13:OnStoreContextRequest	16	static
../LoRaWAN/App/lora_app.c:1552:13:OnRestoreContextRequest	16	static
