../Drivers/CMSIS/Include/core_cm4.h:1933:34:__NVIC_SystemReset	4	static,ignoring_inline_asm
../LoRaWAN/App/lora_app.c:394:17:GetCurrentUnixTime	8	static
../LoRaWAN/App/lora_app.c:409:6:LoRaWAN_Init	24	static
../LoRaWAN/App/lora_app.c:486:6:HAL_GPIO_EXTI_Callback	24	static
../LoRaWAN/App/lora_app.c:524:13:StatusMsgPreventStopMode	8	static
../LoRaWAN/App/lora_app.c:536:14:StatusMsgAllowStopMode	8	static
../LoRaWAN/App/lora_app.c:547:13:OnStatusMessageHandler	40	static
../LoRaWAN/App/lora_app.c:625:13:OnStatusMsgTimeoutEvent	16	static
../LoRaWAN/App/lora_app.c:630:13:RfidPreventStopMode	8	static
../LoRaWAN/App/lora_app.c:642:13:RfidAllowStopMode	8	static
../LoRaWAN/App/lora_app.c:653:13:OnRfidReadTimeoutEvent	16	static
../LoRaWAN/App/lora_app.c:658:13:OnRfidAckTimeoutEvent	16	static
../LoRaWAN/App/lora_app.c:662:13:RfidAckTimeoutHandler	24	static
../LoRaWAN/App/lora_app.c:678:13:OnBufferAckTimeoutEvent	16	static
../LoRaWAN/App/lora_app.c:682:13:BufferAckTimeoutHandler	8	static
../LoRaWAN/App/lora_app.c:691:13:SendBufferedRfidLogHandler	88	static
../LoRaWAN/App/lora_app.c:797:13:SendRFID_Data	56	static
../LoRaWAN/App/lora_app.c:926:13:ReadRFIDCard	88	static
../LoRaWAN/App/lora_app.c:990:13:TryJoin	8	static
../LoRaWAN/App/lora_app.c:1015:13:OnJoinRetryTimerEvent	16	static
../LoRaWAN/App/lora_app.c:1021:13:OnRxData	56	static
../LoRaWAN/App/lora_app.c:1080:13:SendTxData	32	static
../LoRaWAN/App/lora_app.c:1133:13:OnTxTimerEvent	16	static
../LoRaWAN/App/lora_app.c:1151:13:OnTxData	48	static
../LoRaWAN/App/lora_app.c:1261:13:OnJoinRequest	32	static
../LoRaWAN/App/lora_app.c:1292:13:OnBeaconStatusChange	16	static
../LoRaWAN/App/lora_app.c:1298:13:OnSysTimeUpdate	4	static
../LoRaWAN/App/lora_app.c:1305:13:OnClassChange	16	static
../LoRaWAN/App/lora_app.c:1311:13:OnMacProcessNotify	8	static
../LoRaWAN/App/lora_app.c:1323:13:OnTxPeriodicityChanged	16	static
../LoRaWAN/App/lora_app.c:1345:13:OnTxFrameCtrlChanged	16	static
../LoRaWAN/App/lora_app.c:1356:13:OnPingSlotPeriodicityChanged	16	static
../LoRaWAN/App/lora_app.c:1367:13:OnSystemReset	8	static
../LoRaWAN/App/lora_app.c:1383:13:StoreContext	16	static
../LoRaWAN/App/lora_app.c:1405:13:OnNvmDataChange	16	static
../LoRaWAN/App/lora_app.c:1423:13:OnStoreContextRequest	16	static
../LoRaWAN/App/lora_app.c:1438:13:OnRestoreContextRequest	16	static
