../Drivers/CMSIS/Include/core_cm4.h:1933:34:__NVIC_SystemReset	4	static,ignoring_inline_asm
../LoRaWAN/App/lora_app.c:351:6:LoRaWAN_Init	24	static
../LoRaWAN/App/lora_app.c:420:6:HAL_GPIO_EXTI_Callback	24	static
../LoRaWAN/App/lora_app.c:460:13:RfidPreventStopMode	8	static
../LoRaWAN/App/lora_app.c:472:13:RfidAllowStopMode	8	static
../LoRaWAN/App/lora_app.c:483:13:OnRfidReadTimeoutEvent	16	static
../LoRaWAN/App/lora_app.c:488:13:OnRfidAckTimeoutEvent	16	static
../LoRaWAN/App/lora_app.c:492:13:RfidAckTimeoutHandler	24	static
../LoRaWAN/App/lora_app.c:507:13:SendRFID_Data	56	static
../LoRaWAN/App/lora_app.c:620:13:ReadRFIDCard	80	static
../LoRaWAN/App/lora_app.c:690:13:TryJoin	8	static
../LoRaWAN/App/lora_app.c:706:13:OnJoinRetryTimerEvent	16	static
../LoRaWAN/App/lora_app.c:712:13:OnRxData	32	static
../LoRaWAN/App/lora_app.c:730:13:SendTxData	32	static
../LoRaWAN/App/lora_app.c:783:13:OnTxTimerEvent	16	static
../LoRaWAN/App/lora_app.c:801:13:OnTxData	48	static
../LoRaWAN/App/lora_app.c:838:13:OnJoinRequest	32	static
../LoRaWAN/App/lora_app.c:864:13:OnBeaconStatusChange	16	static
../LoRaWAN/App/lora_app.c:870:13:OnSysTimeUpdate	4	static
../LoRaWAN/App/lora_app.c:877:13:OnClassChange	16	static
../LoRaWAN/App/lora_app.c:883:13:OnMacProcessNotify	8	static
../LoRaWAN/App/lora_app.c:895:13:OnTxPeriodicityChanged	16	static
../LoRaWAN/App/lora_app.c:917:13:OnTxFrameCtrlChanged	16	static
../LoRaWAN/App/lora_app.c:928:13:OnPingSlotPeriodicityChanged	16	static
../LoRaWAN/App/lora_app.c:939:13:OnSystemReset	8	static
../LoRaWAN/App/lora_app.c:953:13:StopJoin	8	static
../LoRaWAN/App/lora_app.c:989:13:StoreContext	16	static
../LoRaWAN/App/lora_app.c:1011:13:OnNvmDataChange	16	static
../LoRaWAN/App/lora_app.c:1029:13:OnStoreContextRequest	16	static
../LoRaWAN/App/lora_app.c:1044:13:OnRestoreContextRequest	16	static
