../Drivers/CMSIS/Include/core_cm4.h:1933:34:__NVIC_SystemReset	4	static,ignoring_inline_asm
../LoRaWAN/App/lora_app.c:473:20:WriteU32BE	16	static
../LoRaWAN/App/lora_app.c:490:13:PersistFailedRfidSend	40	static
../LoRaWAN/App/lora_app.c:542:13:OnTimerFiresSetTask	24	static
../LoRaWAN/App/lora_app.c:554:6:LoRaWAN_Init	24	static
../LoRaWAN/App/lora_app.c:651:6:HAL_GPIO_EXTI_Callback	24	static
../LoRaWAN/App/lora_app.c:689:13:StatusMsgPreventStopMode	8	static
../LoRaWAN/App/lora_app.c:701:14:StatusMsgAllowStopMode	8	static
../LoRaWAN/App/lora_app.c:712:13:OnStatusMessageHandler	40	static
../LoRaWAN/App/lora_app.c:795:13:SendIndPingHandler	24	static
../LoRaWAN/App/lora_app.c:837:13:BuzzerLedAllOff	8	static
../LoRaWAN/App/lora_app.c:857:13:BuzzerLedSafetyStopHandler	8	static
../LoRaWAN/App/lora_app.c:868:13:BuzzerLedToggleHandler	8	static
../LoRaWAN/App/lora_app.c:888:13:LoraCommand_HandleDownlink	64	static
../LoRaWAN/App/lora_app.c:1024:17:GetMaxAppPayloadForCurrentDR	16	static
../LoRaWAN/App/lora_app.c:1048:13:SendQueryBatchHandler	64	static
../LoRaWAN/App/lora_app.c:1131:13:RfidPreventStopMode	8	static
../LoRaWAN/App/lora_app.c:1143:13:RfidAllowStopMode	8	static
../LoRaWAN/App/lora_app.c:1154:13:OnRfidReadTimeoutEvent	16	static
../LoRaWAN/App/lora_app.c:1159:13:RfidAckTimeoutHandler	8	static
../LoRaWAN/App/lora_app.c:1169:13:BufferAckTimeoutHandler	8	static
../LoRaWAN/App/lora_app.c:1178:13:SendBufferedRfidLogHandler	88	static
../LoRaWAN/App/lora_app.c:1278:13:SendRFID_Data	40	static
../LoRaWAN/App/lora_app.c:1398:13:ResendRfidData	32	static
../LoRaWAN/App/lora_app.c:1446:13:ReadRFIDCard	88	static
../LoRaWAN/App/lora_app.c:1520:13:TryJoin	8	static
../LoRaWAN/App/lora_app.c:1545:13:JoinTimeoutHandler	8	static
../LoRaWAN/App/lora_app.c:1560:13:OnRxData	40	static
../LoRaWAN/App/lora_app.c:1595:13:SendTxData	32	static
../LoRaWAN/App/lora_app.c:1648:13:OnTxTimerEvent	16	static
../LoRaWAN/App/lora_app.c:1666:13:OnTxData	40	static
../LoRaWAN/App/lora_app.c:1803:13:OnJoinRequest	32	static
../LoRaWAN/App/lora_app.c:1836:13:OnBeaconStatusChange	16	static
../LoRaWAN/App/lora_app.c:1842:13:OnSysTimeUpdate	4	static
../LoRaWAN/App/lora_app.c:1849:13:OnClassChange	16	static
../LoRaWAN/App/lora_app.c:1855:13:OnMacProcessNotify	8	static
../LoRaWAN/App/lora_app.c:1867:13:OnTxPeriodicityChanged	16	static
../LoRaWAN/App/lora_app.c:1889:13:OnTxFrameCtrlChanged	16	static
../LoRaWAN/App/lora_app.c:1900:13:OnPingSlotPeriodicityChanged	16	static
../LoRaWAN/App/lora_app.c:1911:13:OnSystemReset	8	static
../LoRaWAN/App/lora_app.c:1927:13:StoreContext	16	static
../LoRaWAN/App/lora_app.c:1949:13:OnNvmDataChange	16	static
../LoRaWAN/App/lora_app.c:1967:13:OnStoreContextRequest	16	static
../LoRaWAN/App/lora_app.c:1982:13:OnRestoreContextRequest	16	static
