../Drivers/STM32WLxx_HAL_Driver/Inc/stm32wlxx_ll_bus.h:449:22:LL_AHB2_GRP1_EnableClock	24	static
../external_libs/MFRC522/Src/MFRC522_STM32.c:7:6:MFRC522_Gpio_Init	32	static
../external_libs/MFRC522/Src/MFRC522_STM32.c:32:6:MFRC522_Spi_Init	8	static
../external_libs/MFRC522/Src/MFRC522_STM32.c:55:6:MFRC522_Power_Reset_By_GPIO	8	static
../external_libs/MFRC522/Src/MFRC522_STM32.c:59:6:MFRC522_Power_On_By_GPIO	8	static
../external_libs/MFRC522/Src/MFRC522_STM32.c:63:6:MFRC522_Hardware_Reset_By_GPIO	16	static
../external_libs/MFRC522/Src/MFRC522_STM32.c:67:6:MFRC522_Spi_Deinit	8	static
../external_libs/MFRC522/Src/MFRC522_STM32.c:74:6:MFRC522_Init	24	static
../external_libs/MFRC522/Src/MFRC522_STM32.c:123:6:MFRC522_Hardware_Reset	16	static
../external_libs/MFRC522/Src/MFRC522_STM32.c:130:6:MFRC522_AntennaOff	16	static
../external_libs/MFRC522/Src/MFRC522_STM32.c:135:6:MFRC522_AntennaOn	16	static
../external_libs/MFRC522/Src/MFRC522_STM32.c:140:9:MFRC522_ReadReg	24	static
../external_libs/MFRC522/Src/MFRC522_STM32.c:152:6:MFRC522_WriteReg	24	static
../external_libs/MFRC522/Src/MFRC522_STM32.c:162:6:MFRC522_SetBitMask	24	static
../external_libs/MFRC522/Src/MFRC522_STM32.c:168:6:MFRC522_ClearBitMask	24	static
../external_libs/MFRC522/Src/MFRC522_STM32.c:174:9:MFRC522_RequestA	32	static
../external_libs/MFRC522/Src/MFRC522_STM32.c:224:9:MFRC522_Select	48	static
../external_libs/MFRC522/Src/MFRC522_STM32.c:289:9:MFRC522_Anticoll	64	static
../external_libs/MFRC522/Src/MFRC522_STM32.c:420:9:MFRC522_ReadUid	40	static
../external_libs/MFRC522/Src/MFRC522_STM32.c:437:9:waitcardRemoval	16	static
../external_libs/MFRC522/Src/MFRC522_STM32.c:447:9:waitcardRemovalUntilTimeout	40	static
../external_libs/MFRC522/Src/MFRC522_STM32.c:464:9:waitcardDetect	16	static
../external_libs/MFRC522/Src/MFRC522_STM32.c:475:9:waitcardDetectUntilTimeout	40	static
../external_libs/MFRC522/Src/MFRC522_STM32.c:490:6:rfid_read_process_init	16	static
