../external_libs/lora_app_auxilary/Src/lora_timesync.c:77:6:LoraTimeSync_Init	8	static
../external_libs/lora_app_auxilary/Src/lora_timesync.c:84:6:LoraTimeSync_OnJoined	4	static
../external_libs/lora_app_auxilary/Src/lora_timesync.c:90:10:LoraTimeSync_GetCounterForStatusSend	4	static
../external_libs/lora_app_auxilary/Src/lora_timesync.c:99:6:LoraTimeSync_OnStatusQueued	4	static
../external_libs/lora_app_auxilary/Src/lora_timesync.c:108:6:LoraTimeSync_OnStatusAckResult	16	static
../external_libs/lora_app_auxilary/Src/lora_timesync.c:113:6:LoraTimeSync_HandleDownlink	104	static
../external_libs/lora_app_auxilary/Src/lora_timesync.c:186:6:LoraTimeSync_IsSynced	8	static
../external_libs/lora_app_auxilary/Src/lora_timesync.c:191:10:LoraTimeSync_GetCurrentUnixTime	16	static
